// Jest Snapshot v1, https://goo.gl/fbAQLP

exports[`Send PoM transaction should create pom transaction for given block headers 1`] = `"0805100318002080c2d72f2a200fe9a3f1a21b5530f27f87a414b549e79a940bf24fdf2b2f05e7f22aeeecc86a32ce020aa401080010bb87b28b06180022002a003220e3b0c44298fc1c149afbf4c8996fb92427ae41e4649b934ca495991b7852b8553a20e3b0c44298fc1c149afbf4c8996fb92427ae41e4649b934ca495991b7852b8554220e3b0c44298fc1c149afbf4c8996fb92427ae41e4649b934ca495991b7852b855480050005a20d800954794e0882c2419fe4736c2a191e6515859a7a894043ba5c911da6b72e76206080012001a006a0012a401080010fe86b28b06180022002a003220e3b0c44298fc1c149afbf4c8996fb92427ae41e4649b934ca495991b7852b8553a20e3b0c44298fc1c149afbf4c8996fb92427ae41e4649b934ca495991b7852b8554220e3b0c44298fc1c149afbf4c8996fb92427ae41e4649b934ca495991b7852b855480050005a20f8da7f49e92286b0129fd75a9208eed942ef1d79df93c42c9b87e8b6bb9fc84f6206080012001a006a003a40614ae816c7ced020d00a4260c1980e2353f3ccdaea4e4054c903e0fa2cc6ba1ce462821cfe38958a9f96c92631f0629bf244151c2bb7b1bd7b96c2395174890b"`;
